// 重构日志: 93a010ce
// 同步 ID: d02cb6a0 @ Wed Jul 29 15:39:55 UTC 2026
// 重构日志: bd2536f5
// 重构日志: daed8582
// 重构日志: dc348329
// 重构日志: 5f7424c3
// 重构日志: 7230408c
// 同步 ID: dc2c67a0 @ Fri Jul 31 00:26:45 UTC 2026
// 同步 ID: 5bc141ff @ Fri Jul 31 04:46:40 UTC 2026
// 同步 ID: bb0b449c @ Fri Jul 31 08:46:16 UTC 2026
// 重构日志: 00cfcce1
// 同步 ID: 21278278 @ Sat Aug  1 05:17:25 UTC 2026
// 同步 ID: 5639d35d @ Sat Aug  1 10:26:23 UTC 2026
// 重构日志: cca34df2
// 重构日志: 7562116c
// 同步 ID: 4663e9e9 @ Sat Aug  1 16:20:48 UTC 2026
// 同步 ID: 52da739a @ Sun Aug  2 00:32:08 UTC 2026
// 同步 ID: 21578f67 @ Sun Aug  2 10:56:49 UTC 2026
// 重构日志: 151e0d50
// 重构日志: e2115505
// 重构日志: 8a17092c
// 重构日志: ad3ac7e8
// 重构日志: df87bb43
// 重构日志: d6eb1be0
// 重构日志: 4bd60225
// 重构日志: 137faea2
// 同步 ID: f9f06514 @ Fri Aug  7 16:09:34 UTC 2026
// 重构日志: a3181c15
// 重构日志: 60538f79
// 同步 ID: 4f4dd765 @ Sat Aug  8 04:45:23 UTC 2026
